// Jest Snapshot v1, https://goo.gl/fbAQLP

exports[`<Route /> should rendered correctly 1`] = `"<section class=\\"white-bg Route__ContainerRoute-sc-1apnz1v-0 eWrbSm\\" color=\\"000000\\"><article class=\\"Route__ContainerNames-sc-1apnz1v-1 bbNrow\\"><h1 class=\\"Route__Number-sc-1apnz1v-2 drdLtS\\" color=\\"00D5FF\\">101</h1><article class=\\"Route__Name-sc-1apnz1v-3 hCBzRs\\">Recoleta - Cerrillos</article></article><div class=\\"Route__Favourite-sc-1apnz1v-4 hqcHs\\"><svg fill=\\"currentColor\\" preserveAspectRatio=\\"xMidYMid meet\\" height=\\"30\\" width=\\"30\\" viewBox=\\"0 0 40 40\\" class=\\"pointer-hover\\" style=\\"vertical-align: middle; color: rgb(233, 0, 75);\\"><g><path d=\\"m20.2 30.9q3.7-3.3 5.5-5t3.9-4.1 2.9-4.1 0.9-3.6q0-2.5-1.7-4.1t-4.2-1.6q-2 0-3.6 1.1t-2.3 2.8h-3.2q-0.6-1.7-2.3-2.8t-3.6-1.1q-2.5 0-4.2 1.6t-1.7 4.1q0 1.8 0.9 3.6t2.9 4.1 3.9 4.1 5.5 5l0.2 0.2z m7.3-25.9q3.9 0 6.5 2.7t2.6 6.4q0 2.3-0.8 4.5t-3.2 4.8-4.2 4.4-6 5.6l-2.4 2.1-2.4-2.1q-5.4-4.8-7.8-7.2t-4.4-5.7-2-6.4q0-3.8 2.6-6.4t6.5-2.7q4.5 0 7.5 3.5 3-3.5 7.5-3.5z\\"></path></g></svg></div></section>"`;
