// Jest Snapshot v1, https://goo.gl/fbAQLP

exports[`<RouterList /> should rendered correctly 1`] = `
<section
  className="RouterList__ContainerRoutesList-sc-150w7me-0 hHZzos"
>
  <section
    className="white-bg Route__ContainerRoute-sc-1apnz1v-0 eWrbSm"
    color="000000"
    onClick={[Function]}
  >
    <article
      className="Route__ContainerNames-sc-1apnz1v-1 bbNrow"
    >
      <h1
        className="Route__Number-sc-1apnz1v-2 drdLtS"
        color="00D5FF"
      >
        101
      </h1>
      <article
        className="Route__Name-sc-1apnz1v-3 hCBzRs"
      >
        Recoleta - Cerrillos
      </article>
    </article>
    <div
      className="Route__Favourite-sc-1apnz1v-4 hqcHs"
      onClick={[Function]}
    >
      <svg
        className="pointer-hover"
        fill="currentColor"
        height={30}
        preserveAspectRatio="xMidYMid meet"
        style={
          Object {
            "color": "#e9004b",
            "verticalAlign": "middle",
          }
        }
        viewBox="0 0 40 40"
        width={30}
      >
        <g>
          <path
            d="m20.2 30.9q3.7-3.3 5.5-5t3.9-4.1 2.9-4.1 0.9-3.6q0-2.5-1.7-4.1t-4.2-1.6q-2 0-3.6 1.1t-2.3 2.8h-3.2q-0.6-1.7-2.3-2.8t-3.6-1.1q-2.5 0-4.2 1.6t-1.7 4.1q0 1.8 0.9 3.6t2.9 4.1 3.9 4.1 5.5 5l0.2 0.2z m7.3-25.9q3.9 0 6.5 2.7t2.6 6.4q0 2.3-0.8 4.5t-3.2 4.8-4.2 4.4-6 5.6l-2.4 2.1-2.4-2.1q-5.4-4.8-7.8-7.2t-4.4-5.7-2-6.4q0-3.8 2.6-6.4t6.5-2.7q4.5 0 7.5 3.5 3-3.5 7.5-3.5z"
          />
        </g>
      </svg>
    </div>
  </section>
  <section
    className="white-bg Route__ContainerRoute-sc-1apnz1v-0 eWrbSm"
    color="000000"
    onClick={[Function]}
  >
    <article
      className="Route__ContainerNames-sc-1apnz1v-1 bbNrow"
    >
      <h1
        className="Route__Number-sc-1apnz1v-2 drdLtS"
        color="00D5FF"
      >
        101c
      </h1>
      <article
        className="Route__Name-sc-1apnz1v-3 hCBzRs"
      >
        (M) Blanqueado - Cerrillos
      </article>
    </article>
    <div
      className="Route__Favourite-sc-1apnz1v-4 hqcHs"
      onClick={[Function]}
    >
      <svg
        className="pointer-hover"
        fill="currentColor"
        height={30}
        preserveAspectRatio="xMidYMid meet"
        style={
          Object {
            "color": "#e9004b",
            "verticalAlign": "middle",
          }
        }
        viewBox="0 0 40 40"
        width={30}
      >
        <g>
          <path
            d="m20.2 30.9q3.7-3.3 5.5-5t3.9-4.1 2.9-4.1 0.9-3.6q0-2.5-1.7-4.1t-4.2-1.6q-2 0-3.6 1.1t-2.3 2.8h-3.2q-0.6-1.7-2.3-2.8t-3.6-1.1q-2.5 0-4.2 1.6t-1.7 4.1q0 1.8 0.9 3.6t2.9 4.1 3.9 4.1 5.5 5l0.2 0.2z m7.3-25.9q3.9 0 6.5 2.7t2.6 6.4q0 2.3-0.8 4.5t-3.2 4.8-4.2 4.4-6 5.6l-2.4 2.1-2.4-2.1q-5.4-4.8-7.8-7.2t-4.4-5.7-2-6.4q0-3.8 2.6-6.4t6.5-2.7q4.5 0 7.5 3.5 3-3.5 7.5-3.5z"
          />
        </g>
      </svg>
    </div>
  </section>
  <section
    className="white-bg Route__ContainerRoute-sc-1apnz1v-0 eWrbSm"
    color="000000"
    onClick={[Function]}
  >
    <article
      className="Route__ContainerNames-sc-1apnz1v-1 bbNrow"
    >
      <h1
        className="Route__Number-sc-1apnz1v-2 drdLtS"
        color="00D5FF"
      >
        102
      </h1>
      <article
        className="Route__Name-sc-1apnz1v-3 hCBzRs"
      >
        (M) Blanqueado - Mall Plaza Tobalaba
      </article>
    </article>
    <div
      className="Route__Favourite-sc-1apnz1v-4 hqcHs"
      onClick={[Function]}
    >
      <svg
        className="pointer-hover"
        fill="currentColor"
        height={30}
        preserveAspectRatio="xMidYMid meet"
        style={
          Object {
            "color": "#e9004b",
            "verticalAlign": "middle",
          }
        }
        viewBox="0 0 40 40"
        width={30}
      >
        <g>
          <path
            d="m20.2 30.9q3.7-3.3 5.5-5t3.9-4.1 2.9-4.1 0.9-3.6q0-2.5-1.7-4.1t-4.2-1.6q-2 0-3.6 1.1t-2.3 2.8h-3.2q-0.6-1.7-2.3-2.8t-3.6-1.1q-2.5 0-4.2 1.6t-1.7 4.1q0 1.8 0.9 3.6t2.9 4.1 3.9 4.1 5.5 5l0.2 0.2z m7.3-25.9q3.9 0 6.5 2.7t2.6 6.4q0 2.3-0.8 4.5t-3.2 4.8-4.2 4.4-6 5.6l-2.4 2.1-2.4-2.1q-5.4-4.8-7.8-7.2t-4.4-5.7-2-6.4q0-3.8 2.6-6.4t6.5-2.7q4.5 0 7.5 3.5 3-3.5 7.5-3.5z"
          />
        </g>
      </svg>
    </div>
  </section>
  <section
    className="white-bg Route__ContainerRoute-sc-1apnz1v-0 eWrbSm"
    color="000000"
    onClick={[Function]}
  >
    <article
      className="Route__ContainerNames-sc-1apnz1v-1 bbNrow"
    >
      <h1
        className="Route__Number-sc-1apnz1v-2 drdLtS"
        color="00D5FF"
      >
        103
      </h1>
      <article
        className="Route__Name-sc-1apnz1v-3 hCBzRs"
      >
        Providencia - San Joaquin
      </article>
    </article>
    <div
      className="Route__Favourite-sc-1apnz1v-4 hqcHs"
      onClick={[Function]}
    >
      <svg
        className="pointer-hover"
        fill="currentColor"
        height={30}
        preserveAspectRatio="xMidYMid meet"
        style={
          Object {
            "color": "#e9004b",
            "verticalAlign": "middle",
          }
        }
        viewBox="0 0 40 40"
        width={30}
      >
        <g>
          <path
            d="m20.2 30.9q3.7-3.3 5.5-5t3.9-4.1 2.9-4.1 0.9-3.6q0-2.5-1.7-4.1t-4.2-1.6q-2 0-3.6 1.1t-2.3 2.8h-3.2q-0.6-1.7-2.3-2.8t-3.6-1.1q-2.5 0-4.2 1.6t-1.7 4.1q0 1.8 0.9 3.6t2.9 4.1 3.9 4.1 5.5 5l0.2 0.2z m7.3-25.9q3.9 0 6.5 2.7t2.6 6.4q0 2.3-0.8 4.5t-3.2 4.8-4.2 4.4-6 5.6l-2.4 2.1-2.4-2.1q-5.4-4.8-7.8-7.2t-4.4-5.7-2-6.4q0-3.8 2.6-6.4t6.5-2.7q4.5 0 7.5 3.5 3-3.5 7.5-3.5z"
          />
        </g>
      </svg>
    </div>
  </section>
  <section
    className="white-bg Route__ContainerRoute-sc-1apnz1v-0 eWrbSm"
    color="000000"
    onClick={[Function]}
  >
    <article
      className="Route__ContainerNames-sc-1apnz1v-1 bbNrow"
    >
      <h1
        className="Route__Number-sc-1apnz1v-2 drdLtS"
        color="00D5FF"
      >
        104
      </h1>
      <article
        className="Route__Name-sc-1apnz1v-3 hCBzRs"
      >
        Providencia - Mall Plaza Tobalaba
      </article>
    </article>
    <div
      className="Route__Favourite-sc-1apnz1v-4 hqcHs"
      onClick={[Function]}
    >
      <svg
        className="pointer-hover"
        fill="currentColor"
        height={30}
        preserveAspectRatio="xMidYMid meet"
        style={
          Object {
            "color": "#e9004b",
            "verticalAlign": "middle",
          }
        }
        viewBox="0 0 40 40"
        width={30}
      >
        <g>
          <path
            d="m20.2 30.9q3.7-3.3 5.5-5t3.9-4.1 2.9-4.1 0.9-3.6q0-2.5-1.7-4.1t-4.2-1.6q-2 0-3.6 1.1t-2.3 2.8h-3.2q-0.6-1.7-2.3-2.8t-3.6-1.1q-2.5 0-4.2 1.6t-1.7 4.1q0 1.8 0.9 3.6t2.9 4.1 3.9 4.1 5.5 5l0.2 0.2z m7.3-25.9q3.9 0 6.5 2.7t2.6 6.4q0 2.3-0.8 4.5t-3.2 4.8-4.2 4.4-6 5.6l-2.4 2.1-2.4-2.1q-5.4-4.8-7.8-7.2t-4.4-5.7-2-6.4q0-3.8 2.6-6.4t6.5-2.7q4.5 0 7.5 3.5 3-3.5 7.5-3.5z"
          />
        </g>
      </svg>
    </div>
  </section>
  <section
    className="white-bg Route__ContainerRoute-sc-1apnz1v-0 eWrbSm"
    color="000000"
    onClick={[Function]}
  >
    <article
      className="Route__ContainerNames-sc-1apnz1v-1 bbNrow"
    >
      <h1
        className="Route__Number-sc-1apnz1v-2 drdLtS"
        color="00D5FF"
      >
        105
      </h1>
      <article
        className="Route__Name-sc-1apnz1v-3 hCBzRs"
      >
        Renca - Lo Espejo
      </article>
    </article>
    <div
      className="Route__Favourite-sc-1apnz1v-4 hqcHs"
      onClick={[Function]}
    >
      <svg
        className="pointer-hover"
        fill="currentColor"
        height={30}
        preserveAspectRatio="xMidYMid meet"
        style={
          Object {
            "color": "#e9004b",
            "verticalAlign": "middle",
          }
        }
        viewBox="0 0 40 40"
        width={30}
      >
        <g>
          <path
            d="m20.2 30.9q3.7-3.3 5.5-5t3.9-4.1 2.9-4.1 0.9-3.6q0-2.5-1.7-4.1t-4.2-1.6q-2 0-3.6 1.1t-2.3 2.8h-3.2q-0.6-1.7-2.3-2.8t-3.6-1.1q-2.5 0-4.2 1.6t-1.7 4.1q0 1.8 0.9 3.6t2.9 4.1 3.9 4.1 5.5 5l0.2 0.2z m7.3-25.9q3.9 0 6.5 2.7t2.6 6.4q0 2.3-0.8 4.5t-3.2 4.8-4.2 4.4-6 5.6l-2.4 2.1-2.4-2.1q-5.4-4.8-7.8-7.2t-4.4-5.7-2-6.4q0-3.8 2.6-6.4t6.5-2.7q4.5 0 7.5 3.5 3-3.5 7.5-3.5z"
          />
        </g>
      </svg>
    </div>
  </section>
  <section
    className="white-bg Route__ContainerRoute-sc-1apnz1v-0 eWrbSm"
    color="000000"
    onClick={[Function]}
  >
    <article
      className="Route__ContainerNames-sc-1apnz1v-1 bbNrow"
    >
      <h1
        className="Route__Number-sc-1apnz1v-2 drdLtS"
        color="00D5FF"
      >
        106
      </h1>
      <article
        className="Route__Name-sc-1apnz1v-3 hCBzRs"
      >
        Nueva San Martin - La Florida
      </article>
    </article>
    <div
      className="Route__Favourite-sc-1apnz1v-4 hqcHs"
      onClick={[Function]}
    >
      <svg
        className="pointer-hover"
        fill="currentColor"
        height={30}
        preserveAspectRatio="xMidYMid meet"
        style={
          Object {
            "color": "#e9004b",
            "verticalAlign": "middle",
          }
        }
        viewBox="0 0 40 40"
        width={30}
      >
        <g>
          <path
            d="m20.2 30.9q3.7-3.3 5.5-5t3.9-4.1 2.9-4.1 0.9-3.6q0-2.5-1.7-4.1t-4.2-1.6q-2 0-3.6 1.1t-2.3 2.8h-3.2q-0.6-1.7-2.3-2.8t-3.6-1.1q-2.5 0-4.2 1.6t-1.7 4.1q0 1.8 0.9 3.6t2.9 4.1 3.9 4.1 5.5 5l0.2 0.2z m7.3-25.9q3.9 0 6.5 2.7t2.6 6.4q0 2.3-0.8 4.5t-3.2 4.8-4.2 4.4-6 5.6l-2.4 2.1-2.4-2.1q-5.4-4.8-7.8-7.2t-4.4-5.7-2-6.4q0-3.8 2.6-6.4t6.5-2.7q4.5 0 7.5 3.5 3-3.5 7.5-3.5z"
          />
        </g>
      </svg>
    </div>
  </section>
  <section
    className="white-bg Route__ContainerRoute-sc-1apnz1v-0 eWrbSm"
    color="000000"
    onClick={[Function]}
  >
    <article
      className="Route__ContainerNames-sc-1apnz1v-1 bbNrow"
    >
      <h1
        className="Route__Number-sc-1apnz1v-2 drdLtS"
        color="00D5FF"
      >
        107
      </h1>
      <article
        className="Route__Name-sc-1apnz1v-3 hCBzRs"
      >
        Ciudad Empresarial - Av. Departamental
      </article>
    </article>
    <div
      className="Route__Favourite-sc-1apnz1v-4 hqcHs"
      onClick={[Function]}
    >
      <svg
        className="pointer-hover"
        fill="currentColor"
        height={30}
        preserveAspectRatio="xMidYMid meet"
        style={
          Object {
            "color": "#e9004b",
            "verticalAlign": "middle",
          }
        }
        viewBox="0 0 40 40"
        width={30}
      >
        <g>
          <path
            d="m20.2 30.9q3.7-3.3 5.5-5t3.9-4.1 2.9-4.1 0.9-3.6q0-2.5-1.7-4.1t-4.2-1.6q-2 0-3.6 1.1t-2.3 2.8h-3.2q-0.6-1.7-2.3-2.8t-3.6-1.1q-2.5 0-4.2 1.6t-1.7 4.1q0 1.8 0.9 3.6t2.9 4.1 3.9 4.1 5.5 5l0.2 0.2z m7.3-25.9q3.9 0 6.5 2.7t2.6 6.4q0 2.3-0.8 4.5t-3.2 4.8-4.2 4.4-6 5.6l-2.4 2.1-2.4-2.1q-5.4-4.8-7.8-7.2t-4.4-5.7-2-6.4q0-3.8 2.6-6.4t6.5-2.7q4.5 0 7.5 3.5 3-3.5 7.5-3.5z"
          />
        </g>
      </svg>
    </div>
  </section>
  <section
    className="white-bg Route__ContainerRoute-sc-1apnz1v-0 eWrbSm"
    color="000000"
    onClick={[Function]}
  >
    <article
      className="Route__ContainerNames-sc-1apnz1v-1 bbNrow"
    >
      <h1
        className="Route__Number-sc-1apnz1v-2 drdLtS"
        color="00D5FF"
      >
        107c
      </h1>
      <article
        className="Route__Name-sc-1apnz1v-3 hCBzRs"
      >
        Ciudad Empresarial - Plaza Renca
      </article>
    </article>
    <div
      className="Route__Favourite-sc-1apnz1v-4 hqcHs"
      onClick={[Function]}
    >
      <svg
        className="pointer-hover"
        fill="currentColor"
        height={30}
        preserveAspectRatio="xMidYMid meet"
        style={
          Object {
            "color": "#e9004b",
            "verticalAlign": "middle",
          }
        }
        viewBox="0 0 40 40"
        width={30}
      >
        <g>
          <path
            d="m20.2 30.9q3.7-3.3 5.5-5t3.9-4.1 2.9-4.1 0.9-3.6q0-2.5-1.7-4.1t-4.2-1.6q-2 0-3.6 1.1t-2.3 2.8h-3.2q-0.6-1.7-2.3-2.8t-3.6-1.1q-2.5 0-4.2 1.6t-1.7 4.1q0 1.8 0.9 3.6t2.9 4.1 3.9 4.1 5.5 5l0.2 0.2z m7.3-25.9q3.9 0 6.5 2.7t2.6 6.4q0 2.3-0.8 4.5t-3.2 4.8-4.2 4.4-6 5.6l-2.4 2.1-2.4-2.1q-5.4-4.8-7.8-7.2t-4.4-5.7-2-6.4q0-3.8 2.6-6.4t6.5-2.7q4.5 0 7.5 3.5 3-3.5 7.5-3.5z"
          />
        </g>
      </svg>
    </div>
  </section>
  <section
    className="white-bg Route__ContainerRoute-sc-1apnz1v-0 eWrbSm"
    color="000000"
    onClick={[Function]}
  >
    <article
      className="Route__ContainerNames-sc-1apnz1v-1 bbNrow"
    >
      <h1
        className="Route__Number-sc-1apnz1v-2 drdLtS"
        color="00D5FF"
      >
        108
      </h1>
      <article
        className="Route__Name-sc-1apnz1v-3 hCBzRs"
      >
        Maipu - La Florida
      </article>
    </article>
    <div
      className="Route__Favourite-sc-1apnz1v-4 hqcHs"
      onClick={[Function]}
    >
      <svg
        className="pointer-hover"
        fill="currentColor"
        height={30}
        preserveAspectRatio="xMidYMid meet"
        style={
          Object {
            "color": "#e9004b",
            "verticalAlign": "middle",
          }
        }
        viewBox="0 0 40 40"
        width={30}
      >
        <g>
          <path
            d="m20.2 30.9q3.7-3.3 5.5-5t3.9-4.1 2.9-4.1 0.9-3.6q0-2.5-1.7-4.1t-4.2-1.6q-2 0-3.6 1.1t-2.3 2.8h-3.2q-0.6-1.7-2.3-2.8t-3.6-1.1q-2.5 0-4.2 1.6t-1.7 4.1q0 1.8 0.9 3.6t2.9 4.1 3.9 4.1 5.5 5l0.2 0.2z m7.3-25.9q3.9 0 6.5 2.7t2.6 6.4q0 2.3-0.8 4.5t-3.2 4.8-4.2 4.4-6 5.6l-2.4 2.1-2.4-2.1q-5.4-4.8-7.8-7.2t-4.4-5.7-2-6.4q0-3.8 2.6-6.4t6.5-2.7q4.5 0 7.5 3.5 3-3.5 7.5-3.5z"
          />
        </g>
      </svg>
    </div>
  </section>
  <section
    className="white-bg Route__ContainerRoute-sc-1apnz1v-0 eWrbSm"
    color="000000"
    onClick={[Function]}
  >
    <article
      className="Route__ContainerNames-sc-1apnz1v-1 bbNrow"
    >
      <h1
        className="Route__Number-sc-1apnz1v-2 drdLtS"
        color="00D5FF"
      >
        109
      </h1>
      <article
        className="Route__Name-sc-1apnz1v-3 hCBzRs"
      >
        Renca - Maipu
      </article>
    </article>
    <div
      className="Route__Favourite-sc-1apnz1v-4 hqcHs"
      onClick={[Function]}
    >
      <svg
        className="pointer-hover"
        fill="currentColor"
        height={30}
        preserveAspectRatio="xMidYMid meet"
        style={
          Object {
            "color": "#e9004b",
            "verticalAlign": "middle",
          }
        }
        viewBox="0 0 40 40"
        width={30}
      >
        <g>
          <path
            d="m20.2 30.9q3.7-3.3 5.5-5t3.9-4.1 2.9-4.1 0.9-3.6q0-2.5-1.7-4.1t-4.2-1.6q-2 0-3.6 1.1t-2.3 2.8h-3.2q-0.6-1.7-2.3-2.8t-3.6-1.1q-2.5 0-4.2 1.6t-1.7 4.1q0 1.8 0.9 3.6t2.9 4.1 3.9 4.1 5.5 5l0.2 0.2z m7.3-25.9q3.9 0 6.5 2.7t2.6 6.4q0 2.3-0.8 4.5t-3.2 4.8-4.2 4.4-6 5.6l-2.4 2.1-2.4-2.1q-5.4-4.8-7.8-7.2t-4.4-5.7-2-6.4q0-3.8 2.6-6.4t6.5-2.7q4.5 0 7.5 3.5 3-3.5 7.5-3.5z"
          />
        </g>
      </svg>
    </div>
  </section>
  <section
    className="white-bg Route__ContainerRoute-sc-1apnz1v-0 eWrbSm"
    color="000000"
    onClick={[Function]}
  >
    <article
      className="Route__ContainerNames-sc-1apnz1v-1 bbNrow"
    >
      <h1
        className="Route__Number-sc-1apnz1v-2 drdLtS"
        color="00D5FF"
      >
        109N
      </h1>
      <article
        className="Route__Name-sc-1apnz1v-3 hCBzRs"
      >
        (M) Quinta Normal - Maipu
      </article>
    </article>
    <div
      className="Route__Favourite-sc-1apnz1v-4 hqcHs"
      onClick={[Function]}
    >
      <svg
        className="pointer-hover"
        fill="currentColor"
        height={30}
        preserveAspectRatio="xMidYMid meet"
        style={
          Object {
            "color": "#e9004b",
            "verticalAlign": "middle",
          }
        }
        viewBox="0 0 40 40"
        width={30}
      >
        <g>
          <path
            d="m20.2 30.9q3.7-3.3 5.5-5t3.9-4.1 2.9-4.1 0.9-3.6q0-2.5-1.7-4.1t-4.2-1.6q-2 0-3.6 1.1t-2.3 2.8h-3.2q-0.6-1.7-2.3-2.8t-3.6-1.1q-2.5 0-4.2 1.6t-1.7 4.1q0 1.8 0.9 3.6t2.9 4.1 3.9 4.1 5.5 5l0.2 0.2z m7.3-25.9q3.9 0 6.5 2.7t2.6 6.4q0 2.3-0.8 4.5t-3.2 4.8-4.2 4.4-6 5.6l-2.4 2.1-2.4-2.1q-5.4-4.8-7.8-7.2t-4.4-5.7-2-6.4q0-3.8 2.6-6.4t6.5-2.7q4.5 0 7.5 3.5 3-3.5 7.5-3.5z"
          />
        </g>
      </svg>
    </div>
  </section>
  <section
    className="white-bg Route__ContainerRoute-sc-1apnz1v-0 eWrbSm"
    color="000000"
    onClick={[Function]}
  >
    <article
      className="Route__ContainerNames-sc-1apnz1v-1 bbNrow"
    >
      <h1
        className="Route__Number-sc-1apnz1v-2 drdLtS"
        color="00D5FF"
      >
        110
      </h1>
      <article
        className="Route__Name-sc-1apnz1v-3 hCBzRs"
      >
        Renca - Maipu
      </article>
    </article>
    <div
      className="Route__Favourite-sc-1apnz1v-4 hqcHs"
      onClick={[Function]}
    >
      <svg
        className="pointer-hover"
        fill="currentColor"
        height={30}
        preserveAspectRatio="xMidYMid meet"
        style={
          Object {
            "color": "#e9004b",
            "verticalAlign": "middle",
          }
        }
        viewBox="0 0 40 40"
        width={30}
      >
        <g>
          <path
            d="m20.2 30.9q3.7-3.3 5.5-5t3.9-4.1 2.9-4.1 0.9-3.6q0-2.5-1.7-4.1t-4.2-1.6q-2 0-3.6 1.1t-2.3 2.8h-3.2q-0.6-1.7-2.3-2.8t-3.6-1.1q-2.5 0-4.2 1.6t-1.7 4.1q0 1.8 0.9 3.6t2.9 4.1 3.9 4.1 5.5 5l0.2 0.2z m7.3-25.9q3.9 0 6.5 2.7t2.6 6.4q0 2.3-0.8 4.5t-3.2 4.8-4.2 4.4-6 5.6l-2.4 2.1-2.4-2.1q-5.4-4.8-7.8-7.2t-4.4-5.7-2-6.4q0-3.8 2.6-6.4t6.5-2.7q4.5 0 7.5 3.5 3-3.5 7.5-3.5z"
          />
        </g>
      </svg>
    </div>
  </section>
  <section
    className="white-bg Route__ContainerRoute-sc-1apnz1v-0 eWrbSm"
    color="000000"
    onClick={[Function]}
  >
    <article
      className="Route__ContainerNames-sc-1apnz1v-1 bbNrow"
    >
      <h1
        className="Route__Number-sc-1apnz1v-2 drdLtS"
        color="00D5FF"
      >
        110c
      </h1>
      <article
        className="Route__Name-sc-1apnz1v-3 hCBzRs"
      >
        Renca - Pudahuel Sur
      </article>
    </article>
    <div
      className="Route__Favourite-sc-1apnz1v-4 hqcHs"
      onClick={[Function]}
    >
      <svg
        className="pointer-hover"
        fill="currentColor"
        height={30}
        preserveAspectRatio="xMidYMid meet"
        style={
          Object {
            "color": "#e9004b",
            "verticalAlign": "middle",
          }
        }
        viewBox="0 0 40 40"
        width={30}
      >
        <g>
          <path
            d="m20.2 30.9q3.7-3.3 5.5-5t3.9-4.1 2.9-4.1 0.9-3.6q0-2.5-1.7-4.1t-4.2-1.6q-2 0-3.6 1.1t-2.3 2.8h-3.2q-0.6-1.7-2.3-2.8t-3.6-1.1q-2.5 0-4.2 1.6t-1.7 4.1q0 1.8 0.9 3.6t2.9 4.1 3.9 4.1 5.5 5l0.2 0.2z m7.3-25.9q3.9 0 6.5 2.7t2.6 6.4q0 2.3-0.8 4.5t-3.2 4.8-4.2 4.4-6 5.6l-2.4 2.1-2.4-2.1q-5.4-4.8-7.8-7.2t-4.4-5.7-2-6.4q0-3.8 2.6-6.4t6.5-2.7q4.5 0 7.5 3.5 3-3.5 7.5-3.5z"
          />
        </g>
      </svg>
    </div>
  </section>
  <section
    className="white-bg Route__ContainerRoute-sc-1apnz1v-0 eWrbSm"
    color="000000"
    onClick={[Function]}
  >
    <article
      className="Route__ContainerNames-sc-1apnz1v-1 bbNrow"
    >
      <h1
        className="Route__Number-sc-1apnz1v-2 drdLtS"
        color="00D5FF"
      >
        111
      </h1>
      <article
        className="Route__Name-sc-1apnz1v-3 hCBzRs"
      >
        (M) Pajaritos- Ciudad Satelite
      </article>
    </article>
    <div
      className="Route__Favourite-sc-1apnz1v-4 hqcHs"
      onClick={[Function]}
    >
      <svg
        className="pointer-hover"
        fill="currentColor"
        height={30}
        preserveAspectRatio="xMidYMid meet"
        style={
          Object {
            "color": "#e9004b",
            "verticalAlign": "middle",
          }
        }
        viewBox="0 0 40 40"
        width={30}
      >
        <g>
          <path
            d="m20.2 30.9q3.7-3.3 5.5-5t3.9-4.1 2.9-4.1 0.9-3.6q0-2.5-1.7-4.1t-4.2-1.6q-2 0-3.6 1.1t-2.3 2.8h-3.2q-0.6-1.7-2.3-2.8t-3.6-1.1q-2.5 0-4.2 1.6t-1.7 4.1q0 1.8 0.9 3.6t2.9 4.1 3.9 4.1 5.5 5l0.2 0.2z m7.3-25.9q3.9 0 6.5 2.7t2.6 6.4q0 2.3-0.8 4.5t-3.2 4.8-4.2 4.4-6 5.6l-2.4 2.1-2.4-2.1q-5.4-4.8-7.8-7.2t-4.4-5.7-2-6.4q0-3.8 2.6-6.4t6.5-2.7q4.5 0 7.5 3.5 3-3.5 7.5-3.5z"
          />
        </g>
      </svg>
    </div>
  </section>
  <section
    className="white-bg Route__ContainerRoute-sc-1apnz1v-0 eWrbSm"
    color="000000"
    onClick={[Function]}
  >
    <article
      className="Route__ContainerNames-sc-1apnz1v-1 bbNrow"
    >
      <h1
        className="Route__Number-sc-1apnz1v-2 drdLtS"
        color="00D5FF"
      >
        112N
      </h1>
      <article
        className="Route__Name-sc-1apnz1v-3 hCBzRs"
      >
        Av. La Florida - Recoleta
      </article>
    </article>
    <div
      className="Route__Favourite-sc-1apnz1v-4 hqcHs"
      onClick={[Function]}
    >
      <svg
        className="pointer-hover"
        fill="currentColor"
        height={30}
        preserveAspectRatio="xMidYMid meet"
        style={
          Object {
            "color": "#e9004b",
            "verticalAlign": "middle",
          }
        }
        viewBox="0 0 40 40"
        width={30}
      >
        <g>
          <path
            d="m20.2 30.9q3.7-3.3 5.5-5t3.9-4.1 2.9-4.1 0.9-3.6q0-2.5-1.7-4.1t-4.2-1.6q-2 0-3.6 1.1t-2.3 2.8h-3.2q-0.6-1.7-2.3-2.8t-3.6-1.1q-2.5 0-4.2 1.6t-1.7 4.1q0 1.8 0.9 3.6t2.9 4.1 3.9 4.1 5.5 5l0.2 0.2z m7.3-25.9q3.9 0 6.5 2.7t2.6 6.4q0 2.3-0.8 4.5t-3.2 4.8-4.2 4.4-6 5.6l-2.4 2.1-2.4-2.1q-5.4-4.8-7.8-7.2t-4.4-5.7-2-6.4q0-3.8 2.6-6.4t6.5-2.7q4.5 0 7.5 3.5 3-3.5 7.5-3.5z"
          />
        </g>
      </svg>
    </div>
  </section>
  <section
    className="white-bg Route__ContainerRoute-sc-1apnz1v-0 eWrbSm"
    color="000000"
    onClick={[Function]}
  >
    <article
      className="Route__ContainerNames-sc-1apnz1v-1 bbNrow"
    >
      <h1
        className="Route__Number-sc-1apnz1v-2 drdLtS"
        color="00D5FF"
      >
        113
      </h1>
      <article
        className="Route__Name-sc-1apnz1v-3 hCBzRs"
      >
        Ciudad Satelite - (M) La Moneda
      </article>
    </article>
    <div
      className="Route__Favourite-sc-1apnz1v-4 hqcHs"
      onClick={[Function]}
    >
      <svg
        className="pointer-hover"
        fill="currentColor"
        height={30}
        preserveAspectRatio="xMidYMid meet"
        style={
          Object {
            "color": "#e9004b",
            "verticalAlign": "middle",
          }
        }
        viewBox="0 0 40 40"
        width={30}
      >
        <g>
          <path
            d="m20.2 30.9q3.7-3.3 5.5-5t3.9-4.1 2.9-4.1 0.9-3.6q0-2.5-1.7-4.1t-4.2-1.6q-2 0-3.6 1.1t-2.3 2.8h-3.2q-0.6-1.7-2.3-2.8t-3.6-1.1q-2.5 0-4.2 1.6t-1.7 4.1q0 1.8 0.9 3.6t2.9 4.1 3.9 4.1 5.5 5l0.2 0.2z m7.3-25.9q3.9 0 6.5 2.7t2.6 6.4q0 2.3-0.8 4.5t-3.2 4.8-4.2 4.4-6 5.6l-2.4 2.1-2.4-2.1q-5.4-4.8-7.8-7.2t-4.4-5.7-2-6.4q0-3.8 2.6-6.4t6.5-2.7q4.5 0 7.5 3.5 3-3.5 7.5-3.5z"
          />
        </g>
      </svg>
    </div>
  </section>
  <section
    className="white-bg Route__ContainerRoute-sc-1apnz1v-0 eWrbSm"
    color="000000"
    onClick={[Function]}
  >
    <article
      className="Route__ContainerNames-sc-1apnz1v-1 bbNrow"
    >
      <h1
        className="Route__Number-sc-1apnz1v-2 drdLtS"
        color="00D5FF"
      >
        113e
      </h1>
      <article
        className="Route__Name-sc-1apnz1v-3 hCBzRs"
      >
        Ciudad Satelite - (M) La Moneda
      </article>
    </article>
    <div
      className="Route__Favourite-sc-1apnz1v-4 hqcHs"
      onClick={[Function]}
    >
      <svg
        className="pointer-hover"
        fill="currentColor"
        height={30}
        preserveAspectRatio="xMidYMid meet"
        style={
          Object {
            "color": "#e9004b",
            "verticalAlign": "middle",
          }
        }
        viewBox="0 0 40 40"
        width={30}
      >
        <g>
          <path
            d="m20.2 30.9q3.7-3.3 5.5-5t3.9-4.1 2.9-4.1 0.9-3.6q0-2.5-1.7-4.1t-4.2-1.6q-2 0-3.6 1.1t-2.3 2.8h-3.2q-0.6-1.7-2.3-2.8t-3.6-1.1q-2.5 0-4.2 1.6t-1.7 4.1q0 1.8 0.9 3.6t2.9 4.1 3.9 4.1 5.5 5l0.2 0.2z m7.3-25.9q3.9 0 6.5 2.7t2.6 6.4q0 2.3-0.8 4.5t-3.2 4.8-4.2 4.4-6 5.6l-2.4 2.1-2.4-2.1q-5.4-4.8-7.8-7.2t-4.4-5.7-2-6.4q0-3.8 2.6-6.4t6.5-2.7q4.5 0 7.5 3.5 3-3.5 7.5-3.5z"
          />
        </g>
      </svg>
    </div>
  </section>
  <section
    className="white-bg Route__ContainerRoute-sc-1apnz1v-0 eWrbSm"
    color="000000"
    onClick={[Function]}
  >
    <article
      className="Route__ContainerNames-sc-1apnz1v-1 bbNrow"
    >
      <h1
        className="Route__Number-sc-1apnz1v-2 drdLtS"
        color="00D5FF"
      >
        113c
      </h1>
      <article
        className="Route__Name-sc-1apnz1v-3 hCBzRs"
      >
        (M) Cerrillos - Ciudad Satelite
      </article>
    </article>
    <div
      className="Route__Favourite-sc-1apnz1v-4 hqcHs"
      onClick={[Function]}
    >
      <svg
        className="pointer-hover"
        fill="currentColor"
        height={30}
        preserveAspectRatio="xMidYMid meet"
        style={
          Object {
            "color": "#e9004b",
            "verticalAlign": "middle",
          }
        }
        viewBox="0 0 40 40"
        width={30}
      >
        <g>
          <path
            d="m20.2 30.9q3.7-3.3 5.5-5t3.9-4.1 2.9-4.1 0.9-3.6q0-2.5-1.7-4.1t-4.2-1.6q-2 0-3.6 1.1t-2.3 2.8h-3.2q-0.6-1.7-2.3-2.8t-3.6-1.1q-2.5 0-4.2 1.6t-1.7 4.1q0 1.8 0.9 3.6t2.9 4.1 3.9 4.1 5.5 5l0.2 0.2z m7.3-25.9q3.9 0 6.5 2.7t2.6 6.4q0 2.3-0.8 4.5t-3.2 4.8-4.2 4.4-6 5.6l-2.4 2.1-2.4-2.1q-5.4-4.8-7.8-7.2t-4.4-5.7-2-6.4q0-3.8 2.6-6.4t6.5-2.7q4.5 0 7.5 3.5 3-3.5 7.5-3.5z"
          />
        </g>
      </svg>
    </div>
  </section>
  <section
    className="white-bg Route__ContainerRoute-sc-1apnz1v-0 eWrbSm"
    color="000000"
    onClick={[Function]}
  >
    <article
      className="Route__ContainerNames-sc-1apnz1v-1 bbNrow"
    >
      <h1
        className="Route__Number-sc-1apnz1v-2 drdLtS"
        color="00D5FF"
      >
        114
      </h1>
      <article
        className="Route__Name-sc-1apnz1v-3 hCBzRs"
      >
        (M) Ñuñoa - Mall Plaza Tobalaba
      </article>
    </article>
    <div
      className="Route__Favourite-sc-1apnz1v-4 hqcHs"
      onClick={[Function]}
    >
      <svg
        className="pointer-hover"
        fill="currentColor"
        height={30}
        preserveAspectRatio="xMidYMid meet"
        style={
          Object {
            "color": "#e9004b",
            "verticalAlign": "middle",
          }
        }
        viewBox="0 0 40 40"
        width={30}
      >
        <g>
          <path
            d="m20.2 30.9q3.7-3.3 5.5-5t3.9-4.1 2.9-4.1 0.9-3.6q0-2.5-1.7-4.1t-4.2-1.6q-2 0-3.6 1.1t-2.3 2.8h-3.2q-0.6-1.7-2.3-2.8t-3.6-1.1q-2.5 0-4.2 1.6t-1.7 4.1q0 1.8 0.9 3.6t2.9 4.1 3.9 4.1 5.5 5l0.2 0.2z m7.3-25.9q3.9 0 6.5 2.7t2.6 6.4q0 2.3-0.8 4.5t-3.2 4.8-4.2 4.4-6 5.6l-2.4 2.1-2.4-2.1q-5.4-4.8-7.8-7.2t-4.4-5.7-2-6.4q0-3.8 2.6-6.4t6.5-2.7q4.5 0 7.5 3.5 3-3.5 7.5-3.5z"
          />
        </g>
      </svg>
    </div>
  </section>
</section>
`;
