// Jest Snapshot v1, https://goo.gl/fbAQLP

exports[`<Map /> should rendered correctly 1`] = `"<div style=\\"height: 100%;\\"></div>"`;
